Connecting to PostgreSQL Database using configuration:  {
  user: 'DUser',
  password: 'eTileP@55w1rd!',
  host: 'localhost',
  port: '5432',
  database: 'ETCP',
  schema: 'integration'
}
The netsuite client: NetsuiteApiClient {
  consumer_key: 'aa2ddd58c53cc46e8441281b1ee74bdec930ba8c84a6e55101ece58c27a1223e',
  consumer_secret_key: 'ef77e3e91feaecc3d7c8bfe8c0374d9985b4f0da712581f22204a89898934090',
  token: '285b03a39ab5f812567851d019c37002e3604e7584964844f88be44f7f7817b3',
  token_secret: '6ae9a49bf110d1e045d9795200f46e4519c3a18bf04c0c2870a4a2e3deb5564d',
  version: '1.0',
  algorithm: 'HMAC-SHA256',
  realm: '4515861_SB1',
  base_url: 'https://4515861-sb1.suitetalk.api.netsuite.com/services/rest/record/v1'
}
Fetch Records Result:
{
  links: [
    {
      rel: 'self',
      href: 'https://4515861-sb1.suitetalk.api.netsuite.com/services/rest/record/v1/inventoryItem/697854'
    }
  ],
  assetAccount: { links: [ [Object] ], id: '211', refName: '211' },
  atpMethod: {
    id: 'CUMULATIVE_ATP_WITH_LOOK_AHEAD',
    refName: 'Cumulative ATP with Look Ahead'
  },
  autoLeadTime: true,
  autoPreferredStockLevel: true,
  autoReorderPoint: true,
  baseUnit: '336277',
  binNumber: { links: [ [Object] ] },
  class: { links: [ [Object] ], id: '19', refName: '111' },
  cogsAccount: { links: [ [Object] ], id: '212', refName: '212' },
  consumptionUnit: '336277',
  copyDescription: false,
  cost: 4.78803125,
  costCategory: { links: [ [Object] ], id: '1', refName: 'Default Cost Category' },
  costEstimateType: { id: 'AVGCOST', refName: 'Average Cost' },
  costEstimateUnits: 'per BX',
  costingMethod: { id: 'AVG', refName: 'AVG' },
  createdDate: '2024-10-01T17:08:00Z',
  custitem11: 'V007-03754',
  custitem2: 'KAYA POLISHED',
  custitem3: 'E0007-00316 KAYA POLISHED',
  custitem_bit_item_color: 'CALACATTA VENATO',
  custitem_bit_item_size: '24X48',
  custitem_bit_pcs_in_box: 2,
  custitem_bit_pricebysqft: 9.5760625,
  custitem_bit_sales_pack_unit: 'BOX',
  custitem_bit_sales_qty_per_pack_unit: 16,
  custitem_bit_sqft_by_box: 16,
  custitem_bit_sqft_by_pcsht: 8,
  custitem_discontinued_bing: false,
  custitem_fa_shopify_flag: { links: [ [Object] ], id: '1', refName: 'Add/Update Item' },
  custitem_fa_shpfy_backords: false,
  custitem_fa_shpfy_reqship: false,
  custitemlastpostedtofarapp: '2024-10-09 21:02:22.0 America/Los_Angeles',
  customForm: { id: '72', refName: 'TS - MFG STD - Inventory' },
  displayName: 'KAYA POLISHED 24X48 CALACATTA VENATO NKAYCALVEN2448P V007-03754',
  enforceminqtyinternally: true,
  externalId: 'E0007-00316',
  id: '697854',
  includeChildren: false,
  incomeAccount: { links: [ [Object] ], id: '54', refName: '54' },
  isDropShipItem: true,
  isGCoCompliant: false,
  isHazmatItem: false,
  isInactive: false,
  isLotItem: false,
  isOnline: false,
  isSerialItem: false,
  isSpecialOrderItem: false,
  itemId: 'E0007-00316',
  itemType: { id: 'InvtPart', refName: 'InvtPart' },
  itemVendor: { links: [ [Object] ] },
  lastModifiedDate: '2024-10-09T19:27:00Z',
  location: { links: [ [Object] ], id: '14', refName: 'LA ElitTile.com' },
  locations: { links: [ [Object] ] },
  matchBillToReceipt: false,
  offerSupport: false,
  parentOnly: false,
  price: { links: [ [Object] ] },
  purchaseUnit: '336277',
  roundUpAsComponent: false,
  salesDescription: '2.0 EA/BX 8.0 SF/EA 16.0 SF/BX',
  saleUnit: '336276',
  seasonalDemand: false,
  shipIndividually: false,
  stockUnit: '336277',
  subsidiary: { links: [ [Object] ] },
  supplyReplenishmentMethod: { id: 'REORDER_POINT', refName: 'Reorder Point' },
  trackLandedCost: false,
  transferPriceUnits: 'per BX',
  unitsType: { links: [ [Object] ], id: '249292', refName: 'E0007-00316' },
  useBins: false,
  useMarginalRates: false,
  vendorName: 'NKAYCALVEN2448P',
  weight: 77.8,
  weightUnit: { id: '1', refName: 'lb' },
  weightUnits: 'per BX'
}
{
  links: [
    {
      rel: 'self',
      href: 'https://4515861-sb1.suitetalk.api.netsuite.com/services/rest/record/v1/inventoryItem/697855'
    }
  ],
  assetAccount: { links: [ [Object] ], id: '211', refName: '211' },
  atpMethod: {
    id: 'CUMULATIVE_ATP_WITH_LOOK_AHEAD',
    refName: 'Cumulative ATP with Look Ahead'
  },
  autoLeadTime: true,
  autoPreferredStockLevel: true,
  autoReorderPoint: true,
  baseUnit: '336279',
  binNumber: { links: [ [Object] ] },
  class: { links: [ [Object] ], id: '19', refName: '111' },
  cogsAccount: { links: [ [Object] ], id: '212', refName: '212' },
  consumptionUnit: '336279',
  copyDescription: false,
  cost: 4.29084375,
  costCategory: { links: [ [Object] ], id: '1', refName: 'Default Cost Category' },
  costEstimateType: { id: 'AVGCOST', refName: 'Average Cost' },
  costEstimateUnits: 'per BX',
  costingMethod: { id: 'AVG', refName: 'AVG' },
  createdDate: '2024-10-01T17:08:00Z',
  custitem11: 'V007-03764',
  custitem2: 'KAYA MATTE',
  custitem3: 'E0007-00317 KAYA MATTE',
  custitem_bit_item_color: 'CARRARA BIANCO',
  custitem_bit_item_size: '24X48',
  custitem_bit_pcs_in_box: 2,
  custitem_bit_pricebysqft: 8.5816875,
  custitem_bit_sales_pack_unit: 'BOX',
  custitem_bit_sales_qty_per_pack_unit: 16,
  custitem_bit_sqft_by_box: 16,
  custitem_bit_sqft_by_pcsht: 8,
  custitem_discontinued_bing: false,
  custitem_fa_shopify_flag: { links: [ [Object] ], id: '1', refName: 'Add/Update Item' },
  custitem_fa_shpfy_backords: false,
  custitem_fa_shpfy_reqship: false,
  custitemlastpostedtofarapp: '2024-10-09 21:02:22.0 America/Los_Angeles',
  customForm: { id: '72', refName: 'TS - MFG STD - Inventory' },
  displayName: 'KAYA MATTE 24X48 CARRARA BIANCO NKAYCARBIA2448 V007-03764',
  enforceminqtyinternally: true,
  externalId: 'E0007-00317',
  id: '697855',
  includeChildren: false,
  incomeAccount: { links: [ [Object] ], id: '54', refName: '54' },
  isDropShipItem: true,
  isGCoCompliant: false,
  isHazmatItem: false,
  isInactive: false,
  isLotItem: false,
  isOnline: false,
  isSerialItem: false,
  isSpecialOrderItem: false,
  itemId: 'E0007-00317',
  itemType: { id: 'InvtPart', refName: 'InvtPart' },
  itemVendor: { links: [ [Object] ] },
  lastModifiedDate: '2024-10-09T19:27:00Z',
  location: { links: [ [Object] ], id: '14', refName: 'LA ElitTile.com' },
  locations: { links: [ [Object] ] },
  matchBillToReceipt: false,
  offerSupport: false,
  parentOnly: false,
  price: { links: [ [Object] ] },
  purchaseUnit: '336279',
  roundUpAsComponent: false,
  salesDescription: '2.0 EA/BX 8.0 SF/EA 16.0 SF/BX',
  saleUnit: '336278',
  seasonalDemand: false,
  shipIndividually: false,
  stockUnit: '336279',
  subsidiary: { links: [ [Object] ] },
  supplyReplenishmentMethod: { id: 'REORDER_POINT', refName: 'Reorder Point' },
  trackLandedCost: false,
  transferPriceUnits: 'per BX',
  unitsType: { links: [ [Object] ], id: '249293', refName: 'E0007-00317' },
  useBins: false,
  useMarginalRates: false,
  vendorName: 'NKAYCARBIA2448',
  weight: 77.8,
  weightUnit: { id: '1', refName: 'lb' },
  weightUnits: 'per BX'
}
{
  links: [
    {
      rel: 'self',
      href: 'https://4515861-sb1.suitetalk.api.netsuite.com/services/rest/record/v1/inventoryItem/697856'
    }
  ],
  assetAccount: { links: [ [Object] ], id: '211', refName: '211' },
  atpMethod: {
    id: 'CUMULATIVE_ATP_WITH_LOOK_AHEAD',
    refName: 'Cumulative ATP with Look Ahead'
  },
  autoLeadTime: true,
  autoPreferredStockLevel: true,
  autoReorderPoint: true,
  baseUnit: '336281',
  binNumber: { links: [ [Object] ] },
  class: { links: [ [Object] ], id: '19', refName: '111' },
  cogsAccount: { links: [ [Object] ], id: '212', refName: '212' },
  consumptionUnit: '336281',
  copyDescription: false,
  cost: 4.78803125,
  costCategory: { links: [ [Object] ], id: '1', refName: 'Default Cost Category' },
  costEstimateType: { id: 'AVGCOST', refName: 'Average Cost' },
  costEstimateUnits: 'per BX',
  costingMethod: { id: 'AVG', refName: 'AVG' },
  createdDate: '2024-10-01T17:08:00Z',
  custitem11: 'V007-03765',
  custitem2: 'KAYA POLISHED',
  custitem3: 'E0007-00318 KAYA POLISHED',
  custitem_bit_item_color: 'CARRARA BIANCO',
  custitem_bit_item_size: '24X48',
  custitem_bit_pcs_in_box: 2,
  custitem_bit_pricebysqft: 9.5760625,
  custitem_bit_sales_pack_unit: 'BOX',
  custitem_bit_sales_qty_per_pack_unit: 16,
  custitem_bit_sqft_by_box: 16,
  custitem_bit_sqft_by_pcsht: 8,
  custitem_discontinued_bing: false,
  custitem_fa_shopify_flag: { links: [ [Object] ], id: '1', refName: 'Add/Update Item' },
  custitem_fa_shpfy_backords: false,
  custitem_fa_shpfy_reqship: false,
  custitemlastpostedtofarapp: '2024-10-09 21:02:22.0 America/Los_Angeles',
  customForm: { id: '72', refName: 'TS - MFG STD - Inventory' },
  displayName: 'KAYA POLISHED 24X48 CARRARA BIANCO NKAYCARBIA2448P V007-03765',
  enforceminqtyinternally: true,
  externalId: 'E0007-00318',
  id: '697856',
  includeChildren: false,
  incomeAccount: { links: [ [Object] ], id: '54', refName: '54' },
  isDropShipItem: true,
  isGCoCompliant: false,
  isHazmatItem: false,
  isInactive: false,
  isLotItem: false,
  isOnline: false,
  isSerialItem: false,
  isSpecialOrderItem: false,
  itemId: 'E0007-00318',
  itemType: { id: 'InvtPart', refName: 'InvtPart' },
  itemVendor: { links: [ [Object] ] },
  lastModifiedDate: '2024-10-09T19:27:00Z',
  location: { links: [ [Object] ], id: '14', refName: 'LA ElitTile.com' },
  locations: { links: [ [Object] ] },
  matchBillToReceipt: false,
  offerSupport: false,
  parentOnly: false,
  price: { links: [ [Object] ] },
  purchaseUnit: '336281',
  roundUpAsComponent: false,
  salesDescription: '2.0 EA/BX 8.0 SF/EA 16.0 SF/BX',
  saleUnit: '336280',
  seasonalDemand: false,
  shipIndividually: false,
  stockUnit: '336281',
  subsidiary: { links: [ [Object] ] },
  supplyReplenishmentMethod: { id: 'REORDER_POINT', refName: 'Reorder Point' },
  trackLandedCost: false,
  transferPriceUnits: 'per BX',
  unitsType: { links: [ [Object] ], id: '249294', refName: 'E0007-00318' },
  useBins: false,
  useMarginalRates: false,
  vendorName: 'NKAYCARBIA2448P',
  weight: 77.8,
  weightUnit: { id: '1', refName: 'lb' },
  weightUnits: 'per BX'
}
{
  links: [
    {
      rel: 'self',
      href: 'https://4515861-sb1.suitetalk.api.netsuite.com/services/rest/record/v1/inventoryItem/697857'
    }
  ],
  assetAccount: { links: [ [Object] ], id: '211', refName: '211' },
  atpMethod: {
    id: 'CUMULATIVE_ATP_WITH_LOOK_AHEAD',
    refName: 'Cumulative ATP with Look Ahead'
  },
  autoLeadTime: true,
  autoPreferredStockLevel: true,
  autoReorderPoint: true,
  baseUnit: '336283',
  binNumber: { links: [ [Object] ] },
  class: { links: [ [Object] ], id: '19', refName: '111' },
  cogsAccount: { links: [ [Object] ], id: '212', refName: '212' },
  consumptionUnit: '336283',
  copyDescription: false,
  cost: 4.29084375,
  costCategory: { links: [ [Object] ], id: '1', refName: 'Default Cost Category' },
  costEstimateType: { id: 'AVGCOST', refName: 'Average Cost' },
  costEstimateUnits: 'per BX',
  costingMethod: { id: 'AVG', refName: 'AVG' },
  createdDate: '2024-10-01T17:08:00Z',
  custitem11: 'V007-03772',
  custitem2: 'KAYA MATTE',
  custitem3: 'E0007-00319 KAYA MATTE',
  custitem_bit_item_color: 'ONDA GRAY',
  custitem_bit_item_size: '24X48',
  custitem_bit_pcs_in_box: 2,
  custitem_bit_pricebysqft: 8.5816875,
  custitem_bit_sales_pack_unit: 'BOX',
  custitem_bit_sales_qty_per_pack_unit: 16,
  custitem_bit_sqft_by_box: 16,
  custitem_bit_sqft_by_pcsht: 8,
  custitem_discontinued_bing: false,
  custitem_fa_shopify_flag: { links: [ [Object] ], id: '1', refName: 'Add/Update Item' },
  custitem_fa_shpfy_backords: false,
  custitem_fa_shpfy_reqship: false,
  custitemlastpostedtofarapp: '2024-10-09 21:02:22.0 America/Los_Angeles',
  customForm: { id: '72', refName: 'TS - MFG STD - Inventory' },
  displayName: 'KAYA MATTE 24X48 ONDA GRAY NKAYONDGRA2448 V007-03772',
  enforceminqtyinternally: true,
  externalId: 'E0007-00319',
  id: '697857',
  includeChildren: false,
  incomeAccount: { links: [ [Object] ], id: '54', refName: '54' },
  isDropShipItem: true,
  isGCoCompliant: false,
  isHazmatItem: false,
  isInactive: false,
  isLotItem: false,
  isOnline: false,
  isSerialItem: false,
  isSpecialOrderItem: false,
  itemId: 'E0007-00319',
  itemType: { id: 'InvtPart', refName: 'InvtPart' },
  itemVendor: { links: [ [Object] ] },
  lastModifiedDate: '2024-10-09T19:27:00Z',
  location: { links: [ [Object] ], id: '14', refName: 'LA ElitTile.com' },
  locations: { links: [ [Object] ] },
  matchBillToReceipt: false,
  offerSupport: false,
  parentOnly: false,
  price: { links: [ [Object] ] },
  purchaseUnit: '336283',
  roundUpAsComponent: false,
  salesDescription: '2.0 EA/BX 8.0 SF/EA 16.0 SF/BX',
  saleUnit: '336282',
  seasonalDemand: false,
  shipIndividually: false,
  stockUnit: '336283',
  subsidiary: { links: [ [Object] ] },
  supplyReplenishmentMethod: { id: 'REORDER_POINT', refName: 'Reorder Point' },
  trackLandedCost: false,
  transferPriceUnits: 'per BX',
  unitsType: { links: [ [Object] ], id: '249295', refName: 'E0007-00319' },
  useBins: false,
  useMarginalRates: false,
  vendorName: 'NKAYONDGRA2448',
  weight: 77.8,
  weightUnit: { id: '1', refName: 'lb' },
  weightUnits: 'per BX'
}
{
  links: [
    {
      rel: 'self',
      href: 'https://4515861-sb1.suitetalk.api.netsuite.com/services/rest/record/v1/inventoryItem/697858'
    }
  ],
  assetAccount: { links: [ [Object] ], id: '211', refName: '211' },
  atpMethod: {
    id: 'CUMULATIVE_ATP_WITH_LOOK_AHEAD',
    refName: 'Cumulative ATP with Look Ahead'
  },
  autoLeadTime: true,
  autoPreferredStockLevel: true,
  autoReorderPoint: true,
  baseUnit: '336285',
  binNumber: { links: [ [Object] ] },
  class: { links: [ [Object] ], id: '19', refName: '111' },
  cogsAccount: { links: [ [Object] ], id: '212', refName: '212' },
  consumptionUnit: '336285',
  copyDescription: false,
  cost: 4.78803125,
  costCategory: { links: [ [Object] ], id: '1', refName: 'Default Cost Category' },
  costEstimateType: { id: 'AVGCOST', refName: 'Average Cost' },
  costEstimateUnits: 'per BX',
  costingMethod: { id: 'AVG', refName: 'AVG' },
  createdDate: '2024-10-01T17:08:00Z',
  custitem11: 'V007-03773',
  custitem2: 'KAYA POLISHED',
  custitem3: 'E0007-00320 KAYA POLISHED',
  custitem_bit_item_color: 'ONDA GRAY',
  custitem_bit_item_size: '24X48',
  custitem_bit_pcs_in_box: 2,
  custitem_bit_pricebysqft: 9.5760625,
  custitem_bit_sales_pack_unit: 'BOX',
  custitem_bit_sales_qty_per_pack_unit: 16,
  custitem_bit_sqft_by_box: 16,
  custitem_bit_sqft_by_pcsht: 8,
  custitem_discontinued_bing: false,
  custitem_fa_shopify_flag: { links: [ [Object] ], id: '1', refName: 'Add/Update Item' },
  custitem_fa_shpfy_backords: false,
  custitem_fa_shpfy_reqship: false,
  custitemlastpostedtofarapp: '2024-10-09 21:02:22.0 America/Los_Angeles',
  customForm: { id: '72', refName: 'TS - MFG STD - Inventory' },
  displayName: 'KAYA POLISHED 24X48 ONDA GRAY NKAYONDGRA2448P V007-03773',
  enforceminqtyinternally: true,
  externalId: 'E0007-00320',
  id: '697858',
  includeChildren: false,
  incomeAccount: { links: [ [Object] ], id: '54', refName: '54' },
  isDropShipItem: true,
  isGCoCompliant: false,
  isHazmatItem: false,
  isInactive: false,
  isLotItem: false,
  isOnline: false,
  isSerialItem: false,
  isSpecialOrderItem: false,
  itemId: 'E0007-00320',
  itemType: { id: 'InvtPart', refName: 'InvtPart' },
  itemVendor: { links: [ [Object] ] },
  lastModifiedDate: '2024-10-09T19:27:00Z',
  location: { links: [ [Object] ], id: '14', refName: 'LA ElitTile.com' },
  locations: { links: [ [Object] ] },
  matchBillToReceipt: false,
  offerSupport: false,
  parentOnly: false,
  price: { links: [ [Object] ] },
  purchaseUnit: '336285',
  roundUpAsComponent: false,
  salesDescription: '2.0 EA/BX 8.0 SF/EA 16.0 SF/BX',
  saleUnit: '336284',
  seasonalDemand: false,
  shipIndividually: false,
  stockUnit: '336285',
  subsidiary: { links: [ [Object] ] },
  supplyReplenishmentMethod: { id: 'REORDER_POINT', refName: 'Reorder Point' },
  trackLandedCost: false,
  transferPriceUnits: 'per BX',
  unitsType: { links: [ [Object] ], id: '249296', refName: 'E0007-00320' },
  useBins: false,
  useMarginalRates: false,
  vendorName: 'NKAYONDGRA2448P',
  weight: 77.8,
  weightUnit: { id: '1', refName: 'lb' },
  weightUnits: 'per BX'
}
{
  links: [
    {
      rel: 'self',
      href: 'https://4515861-sb1.suitetalk.api.netsuite.com/services/rest/record/v1/inventoryItem/697859'
    }
  ],
  assetAccount: { links: [ [Object] ], id: '211', refName: '211' },
  atpMethod: {
    id: 'CUMULATIVE_ATP_WITH_LOOK_AHEAD',
    refName: 'Cumulative ATP with Look Ahead'
  },
  autoLeadTime: true,
  autoPreferredStockLevel: true,
  autoReorderPoint: true,
  baseUnit: '336286',
  binNumber: { links: [ [Object] ] },
  class: { links: [ [Object] ], id: '20', refName: '113' },
  cogsAccount: { links: [ [Object] ], id: '212', refName: '212' },
  consumptionUnit: '336286',
  copyDescription: false,
  cost: 7.6405,
  costCategory: { links: [ [Object] ], id: '1', refName: 'Default Cost Category' },
  costEstimateType: { id: 'AVGCOST', refName: 'Average Cost' },
  costEstimateUnits: 'per EA',
  costingMethod: { id: 'AVG', refName: 'AVG' },
  createdDate: '2024-10-01T17:08:00Z',
  custitem11: 'V007-03750',
  custitem2: 'KAYA MATTE',
  custitem3: 'E0007-00321 KAYA MATTE',
  custitem_bit_item_color: 'CALACATTA LUCCA',
  custitem_bit_item_size: '3X24',
  custitem_bit_pcs_in_box: 18,
  custitem_bit_pricebysqft: 15.281,
  custitem_bit_sales_pack_unit: 'EACH',
  custitem_bit_sales_qty_per_pack_unit: 1,
  custitem_discontinued_bing: false,
  custitem_fa_shopify_flag: { links: [ [Object] ], id: '1', refName: 'Add/Update Item' },
  custitem_fa_shpfy_backords: false,
  custitem_fa_shpfy_reqship: false,
  custitemlastpostedtofarapp: '2024-10-09 21:02:22.0 America/Los_Angeles',
  customForm: { id: '72', refName: 'TS - MFG STD - Inventory' },
  displayName: 'KAYA MATTE 3X24 CALACATTA LUCCA NKAYCALLUC3X24BN V007-03750',
  enforceminqtyinternally: true,
  externalId: 'E0007-00321',
  id: '697859',
  includeChildren: false,
  incomeAccount: { links: [ [Object] ], id: '54', refName: '54' },
  isDropShipItem: true,
  isGCoCompliant: false,
  isHazmatItem: false,
  isInactive: false,
  isLotItem: false,
  isOnline: false,
  isSerialItem: false,
  isSpecialOrderItem: false,
  itemId: 'E0007-00321',
  itemType: { id: 'InvtPart', refName: 'InvtPart' },
  itemVendor: { links: [ [Object] ] },
  lastModifiedDate: '2024-10-09T19:27:00Z',
  location: { links: [ [Object] ], id: '14', refName: 'LA ElitTile.com' },
  locations: { links: [ [Object] ] },
  matchBillToReceipt: false,
  offerSupport: false,
  parentOnly: false,
  price: { links: [ [Object] ] },
  purchaseUnit: '336286',
  roundUpAsComponent: false,
  salesDescription: '18.0 EA/BX',
  saleUnit: '336286',
  seasonalDemand: false,
  shipIndividually: false,
  stockUnit: '336286',
  subsidiary: { links: [ [Object] ] },
  supplyReplenishmentMethod: { id: 'REORDER_POINT', refName: 'Reorder Point' },
  trackLandedCost: false,
  transferPriceUnits: 'per EA',
  unitsType: { links: [ [Object] ], id: '249297', refName: 'E0007-00321' },
  useBins: false,
  useMarginalRates: false,
  vendorName: 'NKAYCALLUC3X24BN',
  weight: 2.76,
  weightUnit: { id: '1', refName: 'lb' },
  weightUnits: 'per EA'
}
{
  links: [
    {
      rel: 'self',
      href: 'https://4515861-sb1.suitetalk.api.netsuite.com/services/rest/record/v1/inventoryItem/697860'
    }
  ],
  assetAccount: { links: [ [Object] ], id: '211', refName: '211' },
  atpMethod: {
    id: 'CUMULATIVE_ATP_WITH_LOOK_AHEAD',
    refName: 'Cumulative ATP with Look Ahead'
  },
  autoLeadTime: true,
  autoPreferredStockLevel: true,
  autoReorderPoint: true,
  baseUnit: '336287',
  binNumber: { links: [ [Object] ] },
  class: { links: [ [Object] ], id: '20', refName: '113' },
  cogsAccount: { links: [ [Object] ], id: '212', refName: '212' },
  consumptionUnit: '336287',
  copyDescription: false,
  cost: 7.6405,
  costCategory: { links: [ [Object] ], id: '1', refName: 'Default Cost Category' },
  costEstimateType: { id: 'AVGCOST', refName: 'Average Cost' },
  costEstimateUnits: 'per EA',
  costingMethod: { id: 'AVG', refName: 'AVG' },
  createdDate: '2024-10-01T17:08:00Z',
  custitem11: 'V007-03755',
  custitem2: 'KAYA MATTE',
  custitem3: 'E0007-00322 KAYA MATTE',
  custitem_bit_item_color: 'CALACATTA VENATO',
  custitem_bit_item_size: '3X24',
  custitem_bit_pcs_in_box: 18,
  custitem_bit_pricebysqft: 15.281,
  custitem_bit_sales_pack_unit: 'EACH',
  custitem_bit_sales_qty_per_pack_unit: 1,
  custitem_discontinued_bing: false,
  custitem_fa_shopify_flag: { links: [ [Object] ], id: '1', refName: 'Add/Update Item' },
  custitem_fa_shpfy_backords: false,
  custitem_fa_shpfy_reqship: false,
  custitemlastpostedtofarapp: '2024-10-09 21:02:22.0 America/Los_Angeles',
  customForm: { id: '72', refName: 'TS - MFG STD - Inventory' },
  displayName: 'KAYA MATTE 3X24 CALACATTA VENATO NKAYCALVEN3X24BN V007-03755',
  enforceminqtyinternally: true,
  externalId: 'E0007-00322',
  id: '697860',
  includeChildren: false,
  incomeAccount: { links: [ [Object] ], id: '54', refName: '54' },
  isDropShipItem: true,
  isGCoCompliant: false,
  isHazmatItem: false,
  isInactive: false,
  isLotItem: false,
  isOnline: false,
  isSerialItem: false,
  isSpecialOrderItem: false,
  itemId: 'E0007-00322',
  itemType: { id: 'InvtPart', refName: 'InvtPart' },
  itemVendor: { links: [ [Object] ] },
  lastModifiedDate: '2024-10-09T19:27:00Z',
  location: { links: [ [Object] ], id: '14', refName: 'LA ElitTile.com' },
  locations: { links: [ [Object] ] },
  matchBillToReceipt: false,
  offerSupport: false,
  parentOnly: false,
  price: { links: [ [Object] ] },
  purchaseUnit: '336287',
  roundUpAsComponent: false,
  salesDescription: '18.0 EA/BX',
  saleUnit: '336287',
  seasonalDemand: false,
  shipIndividually: false,
  stockUnit: '336287',
  subsidiary: { links: [ [Object] ] },
  supplyReplenishmentMethod: { id: 'REORDER_POINT', refName: 'Reorder Point' },
  trackLandedCost: false,
  transferPriceUnits: 'per EA',
  unitsType: { links: [ [Object] ], id: '249298', refName: 'E0007-00322' },
  useBins: false,
  useMarginalRates: false,
  vendorName: 'NKAYCALVEN3X24BN',
  weight: 2.76,
  weightUnit: { id: '1', refName: 'lb' },
  weightUnits: 'per EA'
}
{
  links: [
    {
      rel: 'self',
      href: 'https://4515861-sb1.suitetalk.api.netsuite.com/services/rest/record/v1/inventoryItem/697861'
    }
  ],
  assetAccount: { links: [ [Object] ], id: '211', refName: '211' },
  atpMethod: {
    id: 'CUMULATIVE_ATP_WITH_LOOK_AHEAD',
    refName: 'Cumulative ATP with Look Ahead'
  },
  autoLeadTime: true,
  autoPreferredStockLevel: true,
  autoReorderPoint: true,
  baseUnit: '336288',
  binNumber: { links: [ [Object] ] },
  class: { links: [ [Object] ], id: '20', refName: '113' },
  cogsAccount: { links: [ [Object] ], id: '212', refName: '212' },
  consumptionUnit: '336288',
  copyDescription: false,
  cost: 7.6405,
  costCategory: { links: [ [Object] ], id: '1', refName: 'Default Cost Category' },
  costEstimateType: { id: 'AVGCOST', refName: 'Average Cost' },
  costEstimateUnits: 'per EA',
  costingMethod: { id: 'AVG', refName: 'AVG' },
  createdDate: '2024-10-01T17:08:00Z',
  custitem11: 'V007-03766',
  custitem2: 'KAYA MATTE',
  custitem3: 'E0007-00323 KAYA MATTE',
  custitem_bit_item_color: 'CARRARA BIANCO',
  custitem_bit_item_size: '3X24',
  custitem_bit_pcs_in_box: 18,
  custitem_bit_pricebysqft: 15.281,
  custitem_bit_sales_pack_unit: 'EACH',
  custitem_bit_sales_qty_per_pack_unit: 1,
  custitem_discontinued_bing: false,
  custitem_fa_shopify_flag: { links: [ [Object] ], id: '1', refName: 'Add/Update Item' },
  custitem_fa_shpfy_backords: false,
  custitem_fa_shpfy_reqship: false,
  custitemlastpostedtofarapp: '2024-10-09 21:02:22.0 America/Los_Angeles',
  customForm: { id: '72', refName: 'TS - MFG STD - Inventory' },
  displayName: 'KAYA MATTE 3X24 CARRARA BIANCO NKAYCARBIA3X24BN V007-03766',
  enforceminqtyinternally: true,
  externalId: 'E0007-00323',
  id: '697861',
  includeChildren: false,
  incomeAccount: { links: [ [Object] ], id: '54', refName: '54' },
  isDropShipItem: true,
  isGCoCompliant: false,
  isHazmatItem: false,
  isInactive: false,
  isLotItem: false,
  isOnline: false,
  isSerialItem: false,
  isSpecialOrderItem: false,
  itemId: 'E0007-00323',
  itemType: { id: 'InvtPart', refName: 'InvtPart' },
  itemVendor: { links: [ [Object] ] },
  lastModifiedDate: '2024-10-09T19:27:00Z',
  location: { links: [ [Object] ], id: '14', refName: 'LA ElitTile.com' },
  locations: { links: [ [Object] ] },
  matchBillToReceipt: false,
  offerSupport: false,
  parentOnly: false,
  price: { links: [ [Object] ] },
  purchaseUnit: '336288',
  roundUpAsComponent: false,
  salesDescription: '18.0 EA/BX',
  saleUnit: '336288',
  seasonalDemand: false,
  shipIndividually: false,
  stockUnit: '336288',
  subsidiary: { links: [ [Object] ] },
  supplyReplenishmentMethod: { id: 'REORDER_POINT', refName: 'Reorder Point' },
  trackLandedCost: false,
  transferPriceUnits: 'per EA',
  unitsType: { links: [ [Object] ], id: '249299', refName: 'E0007-00323' },
  useBins: false,
  useMarginalRates: false,
  vendorName: 'NKAYCARBIA3X24BN',
  weight: 2.76,
  weightUnit: { id: '1', refName: 'lb' },
  weightUnits: 'per EA'
}
{
  links: [
    {
      rel: 'self',
      href: 'https://4515861-sb1.suitetalk.api.netsuite.com/services/rest/record/v1/inventoryItem/697862'
    }
  ],
  assetAccount: { links: [ [Object] ], id: '211', refName: '211' },
  atpMethod: {
    id: 'CUMULATIVE_ATP_WITH_LOOK_AHEAD',
    refName: 'Cumulative ATP with Look Ahead'
  },
  autoLeadTime: true,
  autoPreferredStockLevel: true,
  autoReorderPoint: true,
  baseUnit: '336289',
  binNumber: { links: [ [Object] ] },
  class: { links: [ [Object] ], id: '20', refName: '113' },
  cogsAccount: { links: [ [Object] ], id: '212', refName: '212' },
  consumptionUnit: '336289',
  copyDescription: false,
  cost: 7.6405,
  costCategory: { links: [ [Object] ], id: '1', refName: 'Default Cost Category' },
  costEstimateType: { id: 'AVGCOST', refName: 'Average Cost' },
  costEstimateUnits: 'per EA',
  costingMethod: { id: 'AVG', refName: 'AVG' },
  createdDate: '2024-10-01T17:08:00Z',
  custitem11: 'V007-03774',
  custitem2: 'KAYA MATTE',
  custitem3: 'E0007-00324 KAYA MATTE',
  custitem_bit_item_color: 'ONDA GRAY',
  custitem_bit_item_size: '3X24',
  custitem_bit_pcs_in_box: 18,
  custitem_bit_pricebysqft: 15.281,
  custitem_bit_sales_pack_unit: 'EACH',
  custitem_bit_sales_qty_per_pack_unit: 1,
  custitem_discontinued_bing: false,
  custitem_fa_shopify_flag: { links: [ [Object] ], id: '1', refName: 'Add/Update Item' },
  custitem_fa_shpfy_backords: false,
  custitem_fa_shpfy_reqship: false,
  custitemlastpostedtofarapp: '2024-10-09 21:02:22.0 America/Los_Angeles',
  customForm: { id: '72', refName: 'TS - MFG STD - Inventory' },
  displayName: 'KAYA MATTE 3X24 ONDA GRAY NKAYONDGRA3X24BN V007-03774',
  enforceminqtyinternally: true,
  externalId: 'E0007-00324',
  id: '697862',
  includeChildren: false,
  incomeAccount: { links: [ [Object] ], id: '54', refName: '54' },
  isDropShipItem: true,
  isGCoCompliant: false,
  isHazmatItem: false,
  isInactive: false,
  isLotItem: false,
  isOnline: false,
  isSerialItem: false,
  isSpecialOrderItem: false,
  itemId: 'E0007-00324',
  itemType: { id: 'InvtPart', refName: 'InvtPart' },
  itemVendor: { links: [ [Object] ] },
  lastModifiedDate: '2024-10-09T19:27:00Z',
  location: { links: [ [Object] ], id: '14', refName: 'LA ElitTile.com' },
  locations: { links: [ [Object] ] },
  matchBillToReceipt: false,
  offerSupport: false,
  parentOnly: false,
  price: { links: [ [Object] ] },
  purchaseUnit: '336289',
  roundUpAsComponent: false,
  salesDescription: '18.0 EA/BX',
  saleUnit: '336289',
  seasonalDemand: false,
  shipIndividually: false,
  stockUnit: '336289',
  subsidiary: { links: [ [Object] ] },
  supplyReplenishmentMethod: { id: 'REORDER_POINT', refName: 'Reorder Point' },
  trackLandedCost: false,
  transferPriceUnits: 'per EA',
  unitsType: { links: [ [Object] ], id: '249300', refName: 'E0007-00324' },
  useBins: false,
  useMarginalRates: false,
  vendorName: 'NKAYONDGRA3X24BN',
  weight: 2.76,
  weightUnit: { id: '1', refName: 'lb' },
  weightUnits: 'per EA'
}
{
  links: [
    {
      rel: 'self',
      href: 'https://4515861-sb1.suitetalk.api.netsuite.com/services/rest/record/v1/inventoryItem/697863'
    }
  ],
  assetAccount: { links: [ [Object] ], id: '211', refName: '211' },
  atpMethod: {
    id: 'CUMULATIVE_ATP_WITH_LOOK_AHEAD',
    refName: 'Cumulative ATP with Look Ahead'
  },
  autoLeadTime: true,
  autoPreferredStockLevel: true,
  autoReorderPoint: true,
  baseUnit: '336290',
  binNumber: { links: [ [Object] ] },
  class: { links: [ [Object] ], id: '20', refName: '113' },
  cogsAccount: { links: [ [Object] ], id: '212', refName: '212' },
  consumptionUnit: '336290',
  copyDescription: false,
  cost: 6.919,
  costCategory: { links: [ [Object] ], id: '1', refName: 'Default Cost Category' },
  costEstimateType: { id: 'AVGCOST', refName: 'Average Cost' },
  costEstimateUnits: 'per EA',
  costingMethod: { id: 'AVG', refName: 'AVG' },
  createdDate: '2024-10-01T17:08:00Z',
  custitem11: 'V007-04045',
  custitem2: 'KAYA POLISHED',
  custitem3: 'E0007-00325 KAYA POLISHED',
  custitem_bit_item_color: 'ONDA GRAY',
  custitem_bit_item_size: '3X24',
  custitem_bit_pcs_in_box: 10,
  custitem_bit_pricebysqft: 13.838,
  custitem_bit_sales_pack_unit: 'EACH',
  custitem_bit_sales_qty_per_pack_unit: 1,
  custitem_discontinued_bing: false,
  custitem_fa_shopify_flag: { links: [ [Object] ], id: '1', refName: 'Add/Update Item' },
  custitem_fa_shpfy_backords: false,
  custitem_fa_shpfy_reqship: false,
  custitemlastpostedtofarapp: '2024-10-09 21:02:22.0 America/Los_Angeles',
  customForm: { id: '72', refName: 'TS - MFG STD - Inventory' },
  displayName: 'KAYA POLISHED 3X24 ONDA GRAY NKAYONDGRA3X24BNP V007-04045',
  enforceminqtyinternally: true,
  externalId: 'E0007-00325',
  id: '697863',
  includeChildren: false,
  incomeAccount: { links: [ [Object] ], id: '54', refName: '54' },
  isDropShipItem: true,
  isGCoCompliant: false,
  isHazmatItem: false,
  isInactive: false,
  isLotItem: false,
  isOnline: false,
  isSerialItem: false,
  isSpecialOrderItem: false,
  itemId: 'E0007-00325',
  itemType: { id: 'InvtPart', refName: 'InvtPart' },
  itemVendor: { links: [ [Object] ] },
  lastModifiedDate: '2024-10-09T19:27:00Z',
  location: { links: [ [Object] ], id: '14', refName: 'LA ElitTile.com' },
  locations: { links: [ [Object] ] },
  matchBillToReceipt: false,
  offerSupport: false,
  parentOnly: false,
  price: { links: [ [Object] ] },
  purchaseUnit: '336290',
  roundUpAsComponent: false,
  salesDescription: '10.0 EA/BX',
  saleUnit: '336290',
  seasonalDemand: false,
  shipIndividually: false,
  stockUnit: '336290',
  subsidiary: { links: [ [Object] ] },
  supplyReplenishmentMethod: { id: 'REORDER_POINT', refName: 'Reorder Point' },
  trackLandedCost: false,
  transferPriceUnits: 'per EA',
  unitsType: { links: [ [Object] ], id: '249301', refName: 'E0007-00325' },
  useBins: false,
  useMarginalRates: false,
  vendorName: 'NKAYONDGRA3X24BNP',
  weight: 1.75,
  weightUnit: { id: '1', refName: 'lb' },
  weightUnits: 'per EA'
}
